sqly - execute SQL against CSV/TSV/LTSV/Excel with shell (test-version)

[Usage]
  sqly [OPTIONS] [FILE_PATH(S)|DIRECTORY_PATH(S)]

[Example]
  - run sqly shell
    sqly
  - Execute query for csv file
    sqly --sql 'SELECT * FROM sample' ./path/to/sample.csv
  - Import directory with all supported files
    sqly ./path/to/data/directory
  - Mix files and directories
    sqly file1.csv ./data_dir file2.tsv

[OPTIONS]
  -c, --csv             change output format to csv (default: table)
  -e, --excel           change output format to excel (default: table)
  -l, --ltsv            change output format to ltsv (default: table)
  -m, --markdown        change output format to markdown table (default: table)
  -t, --tsv             change output format to tsv (default: table)
  -S, --sheet string    excel sheet name you want to import
  -s, --sql string      sql query you want to execute
  -o, --output string   destination path for SQL results specified in --sql option
  -h, --help            print help message
  -v, --version         print sqly version

[LICENSE]
  MIT LICENSE - Copyright (c) 2022 CHIKAMATSU Naohiro
  https://github.com/nao1215/sqly/blob/main/LICENSE

[CONTACT]
  https://github.com/nao1215/sqly/issues

sqly runs the DB in SQLite3 in-memory mode.
So, SQL supported by sqly is the same as SQLite3 syntax.
