[
   {
      "age": "41",
      "birth_day": "1981/3/13",
      "email": "MbOvO0yRKh@sample.com",
      "first_name": "昭男",
      "id": "1",
      "last_name": "結城",
      "password": "hHwudwnB",
      "phone_number": "090-6502-3568",
      "url": "http://example.jp"
   },
   {
      "age": "57",
      "birth_day": "1965/10/23",
      "email": "BUljPt@test.jp",
      "first_name": "正弘",
      "id": "2",
      "last_name": "中里",
      "password": "XTF4b4xy",
      "phone_number": "090-4526-9444",
      "url": "http://sample.net"
   },
   {
      "age": "56",
      "birth_day": "1966/6/15",
      "email": "HyWk5qhK@test.net",
      "first_name": "翔平",
      "id": "3",
      "last_name": "松永",
      "password": "dAF5HcbR",
      "phone_number": "080-6431-8686",
      "url": "http://test.org"
   },
   {
      "age": "38",
      "birth_day": "1983/12/19",
      "email": "BEjvTlgG@test.net",
      "first_name": "恭之",
      "id": "4",
      "last_name": "宮地",
      "password": "uv8c_AWp",
      "phone_number": "090-9296-6901",
      "url": "http://test.co.jp"
   },
   {
      "age": "61",
      "birth_day": "1961/5/7",
      "email": "itvKu2aUwL@test.jp",
      "first_name": "由子",
      "id": "5",
      "last_name": "松岡",
      "password": "moPHYAoh",
      "phone_number": "080-2746-8362",
      "url": "http://test.net"
   }
]