id:1	first_name:昭男	last_name:結城	phone_number:090-6502-3568	email:MbOvO0yRKh@sample.com	url:http://example.jp	age:41	birth_day:1981/3/13	password:hHwudwnB
id:2	first_name:正弘	last_name:中里	phone_number:090-4526-9444	email:BUljPt@test.jp	url:http://sample.net	age:57	birth_day:1965/10/23	password:XTF4b4xy
id:3	first_name:翔平	last_name:松永	phone_number:080-6431-8686	email:HyWk5qhK@test.net	url:http://test.org	age:56	birth_day:1966/6/15	password:dAF5HcbR
id:4	first_name:恭之	last_name:宮地	phone_number:090-9296-6901	email:BEjvTlgG@test.net	url:http://test.co.jp	age:38	birth_day:1983/12/19	password:uv8c_AWp
id:5	first_name:由子	last_name:松岡	phone_number:080-2746-8362	email:itvKu2aUwL@test.jp	url:http://test.net	age:61	birth_day:1961/5/7	password:moPHYAoh
