[Usage]
  .import FILE_PATH(S)|DIRECTORY_PATH(S) [--sheet=SHEET_NAME]

  - Supported file format: csv, tsv, ltsv, json, jsonl, parquet, xlsx [+compressed], ach, fed
  - Compression (csv/tsv/ltsv/json/jsonl/parquet/xlsx only): .gz, .bz2, .xz, .zst, .z, .snappy, .s2, .lz4
  - Files and directories can be mixed in arguments
  - Directories are automatically detected and all supported files are imported
  - If import multiple files/directories, separate them with spaces
  - For Excel files, all sheets are imported as separate tables (enables cross-sheet JOINs)
  - Use --sheet to import only a specific sheet from Excel files (works with files and directories)
  - JSON/JSONL data is stored in a 'data' column; use json_extract() to query fields
