+----+------------+-----------+---------------+-----------------------+-------------------+-----+------------+----------+
| id | first_name | last_name | phone_number  |         email         |        url        | age | birth_day  | password |
+----+------------+-----------+---------------+-----------------------+-------------------+-----+------------+----------+
|  1 | 昭男       | 結城      | 090-6502-3568 | MbOvO0yRKh@sample.com | http://example.jp |  41 | 1981/3/13  | hHwudwnB |
|  2 | 正弘       | 中里      | 090-4526-9444 | BUljPt@test.jp        | http://sample.net |  57 | 1965/10/23 | XTF4b4xy |
|  3 | 翔平       | 松永      | 080-6431-8686 | HyWk5qhK@test.net     | http://test.org   |  56 | 1966/6/15  | dAF5HcbR |
|  4 | 恭之       | 宮地      | 090-9296-6901 | BEjvTlgG@test.net     | http://test.co.jp |  38 | 1983/12/19 | uv8c_AWp |
|  5 | 由子       | 松岡      | 080-2746-8362 | itvKu2aUwL@test.jp    | http://test.net   |  61 | 1961/5/7   | moPHYAoh |
+----+------------+-----------+---------------+-----------------------+-------------------+-----+------------+----------+
