+-----+------------+---------------------+------------+----+-----------+----------+---------------+---------------------+
| age | birth_day  |        email        | first_name | id | last_name | password | phone_number  |         url         |
+-----+------------+---------------------+------------+----+-----------+----------+---------------+---------------------+
|  43 | 1979/3/31  | SY8wp@example.co.jp | 早苗       |  1 | 田部      | B6XlF3f4 | 090-8379-5674 | http://sample.co.jp |
|  10 | 2012/2/12  | hXc1Vh1_cc@test.org | 恭之       |  2 | 仲田      | NfNowXKW | 080-0498-8291 | http://sample.jp    |
|  46 | 1975/12/30 | T1IUE@test.com      | 寿男       |  3 | 鳥海      | XbxvvztD | 080-6310-7109 | http://sample.net   |
|  44 | 1978/4/3   | eFCFp6@test.jp      | 敦彦       |  4 | 片野      | KJZK9vL6 | 080-0554-8807 | http://test.jp      |
|  37 | 1985/6/5   | HyEuw@sample.net    | 清次       |  5 | 杉野      | HMYrMxqz | 080-2484-3271 | http://example.jp   |
+-----+------------+---------------------+------------+----+-----------+----------+---------------+---------------------+
