[Usage]
  .mode OUTPUT_MODE   ※ current mode=table
[Output mode list]
  table
  markdown
  csv
  tsv
  ltsv
  json
  ndjson
  json-typed ※ json output with native numbers, booleans, and nulls
  ndjson-typed ※ ndjson output with native numbers, booleans, and nulls
  excel ※ active only when executing .dump, otherwise same as csv mode
  parquet ※ active only when executing .dump, otherwise same as csv mode
