[
   {
      "age": "43",
      "birth_day": "1979/3/31",
      "email": "SY8wp@example.co.jp",
      "first_name": "早苗",
      "id": "1",
      "last_name": "田部",
      "password": "B6XlF3f4",
      "phone_number": "090-8379-5674",
      "url": "http://sample.co.jp"
   },
   {
      "age": "10",
      "birth_day": "2012/2/12",
      "email": "hXc1Vh1_cc@test.org",
      "first_name": "恭之",
      "id": "2",
      "last_name": "仲田",
      "password": "NfNowXKW",
      "phone_number": "080-0498-8291",
      "url": "http://sample.jp"
   },
   {
      "age": "46",
      "birth_day": "1975/12/30",
      "email": "T1IUE@test.com",
      "first_name": "寿男",
      "id": "3",
      "last_name": "鳥海",
      "password": "XbxvvztD",
      "phone_number": "080-6310-7109",
      "url": "http://sample.net"
   },
   {
      "age": "44",
      "birth_day": "1978/4/3",
      "email": "eFCFp6@test.jp",
      "first_name": "敦彦",
      "id": "4",
      "last_name": "片野",
      "password": "KJZK9vL6",
      "phone_number": "080-0554-8807",
      "url": "http://test.jp"
   },
   {
      "age": "37",
      "birth_day": "1985/6/5",
      "email": "HyEuw@sample.net",
      "first_name": "清次",
      "id": "5",
      "last_name": "杉野",
      "password": "HMYrMxqz",
      "phone_number": "080-2484-3271",
      "url": "http://example.jp"
   }
]