[
   {
      "first_name": "Rachel",
      "identifier": "1",
      "last_name": "Booker",
      "user_name": "booker12"
   },
   {
      "first_name": "Mary",
      "identifier": "2",
      "last_name": "Jenkins",
      "user_name": "jenkins46"
   },
   {
      "first_name": "Jamie",
      "identifier": "3",
      "last_name": "Smith",
      "user_name": "smith79"
   }
]
