+-----------------+-------------+------------------+-------------------+------------------------------+---------+
|      actor      | total_gross | number_of_movies | average_per_movie |          best_movie          |  gross  |
+-----------------+-------------+------------------+-------------------+------------------------------+---------+
| Adam Sandler    |    2661.00  |               32 |            83.20  | Hotel Transylvania 2         | 169.70  |
| Andy Serkis     |    2890.60  |               23 |           125.70  | Star Wars: The Force Awakens | 936.70  |
| Anne Hathaway   |    2416.50  |               25 |            96.70  | The Dark Knight Rises        | 448.10  |
| Anthony Daniels |    3162.90  |                7 |           451.80  | Star Wars: The Force Awakens | 936.70  |
| Ben Stiller     |    2827.00  |               37 |            76.40  | Meet the Fockers             | 279.30  |
+-----------------+-------------+------------------+-------------------+------------------------------+---------+
